Map name: Golden land
Creator: General Magma
e-mail: salut@microtec.net
players: 2 to 8
theater: winter, lot of gold... just look at it, u'll see
PS its my first map
